 Forming PPE matrix
 Calculating LU decomposition of PPE matrix
 Starting time step loop
n=     1   udiff=  3.3880E+03 ( 61, 15)   vdiff=  2.8861E+03 ( 60, 16)
n=     2   udiff=  6.1256E+01 ( 60, 15)   vdiff=  7.5725E+01 ( 60, 16)
n=     3   udiff=  5.7349E+01 ( 60, 15)   vdiff=  7.5396E+01 ( 60, 16)
n=     4   udiff=  5.3708E+01 ( 60, 16)   vdiff=  7.4841E+01 ( 60, 16)
n=     5   udiff=  5.5783E+01 ( 60, 16)   vdiff=  7.4049E+01 ( 60, 16)
n=     6   udiff=  5.7649E+01 ( 60, 16)   vdiff=  7.3011E+01 ( 60, 16)
n=     7   udiff=  5.9286E+01 ( 60, 16)   vdiff=  7.3912E+01 ( 60, 15)
n=     8   udiff=  6.0674E+01 ( 60, 16)   vdiff=  7.7426E+01 ( 60, 15)
n=     9   udiff=  6.1795E+01 ( 60, 16)   vdiff=  8.0673E+01 ( 60, 15)
n=    10   udiff=  6.2632E+01 ( 60, 16)   vdiff=  8.3628E+01 ( 60, 15)
n=    11   udiff=  6.3168E+01 ( 60, 16)   vdiff=  8.6271E+01 ( 60, 15)
n=    12   udiff=  6.3392E+01 ( 60, 16)   vdiff=  8.8579E+01 ( 60, 15)
n=    13   udiff=  6.3292E+01 ( 60, 16)   vdiff=  9.0531E+01 ( 60, 15)
n=    14   udiff=  6.2859E+01 ( 60, 16)   vdiff=  9.2107E+01 ( 60, 15)
n=    15   udiff=  6.2088E+01 ( 60, 16)   vdiff=  9.3286E+01 ( 60, 15)
n=    16   udiff=  6.0978E+01 ( 60, 16)   vdiff=  9.4049E+01 ( 60, 15)
n=    17   udiff=  5.9529E+01 ( 60, 16)   vdiff=  9.4376E+01 ( 60, 15)
n=    18   udiff=  5.7748E+01 ( 60, 16)   vdiff=  9.4251E+01 ( 60, 15)
n=    19   udiff=  5.5645E+01 ( 60, 16)   vdiff=  9.3658E+01 ( 60, 15)
n=    20   udiff=  5.3231E+01 ( 60, 16)   vdiff=  9.2583E+01 ( 60, 15)
n=    21   udiff=  5.0831E+01 ( 62, 15)   vdiff=  9.1015E+01 ( 60, 15)
n=    22   udiff=  5.1558E+01 ( 62, 15)   vdiff=  9.0736E+01 (120,  6)
n=    23   udiff=  5.2093E+01 ( 62, 15)   vdiff=  9.2422E+01 (120,  6)
n=    24   udiff=  5.2425E+01 ( 62, 15)   vdiff=  9.4039E+01 (120,  6)
n=    25   udiff=  5.2547E+01 ( 62, 15)   vdiff=  9.5575E+01 (120,  6)
n=    26   udiff=  5.4095E+01 ( 60, 15)   vdiff=  9.7018E+01 (120,  6)
n=    27   udiff=  5.6633E+01 ( 60, 15)   vdiff=  9.8354E+01 (120,  6)
n=    28   udiff=  5.8687E+01 ( 60, 15)   vdiff=  9.9566E+01 (120,  6)
n=    29   udiff=  6.0233E+01 ( 60, 15)   vdiff=  1.0064E+02 (120,  6)
n=    30   udiff=  6.1250E+01 ( 60, 15)   vdiff=  1.0160E+02 (120,  5)
n=    31   udiff=  6.1724E+01 ( 60, 15)   vdiff=  1.0354E+02 (120,  5)
n=    32   udiff=  6.1644E+01 ( 60, 15)   vdiff=  1.0539E+02 (120,  5)
n=    33   udiff=  6.1006E+01 ( 60, 15)   vdiff=  1.0713E+02 (120,  5)
n=    34   udiff=  5.9813E+01 ( 60, 15)   vdiff=  1.0873E+02 (120,  5)
n=    35   udiff=  5.8072E+01 ( 60, 15)   vdiff=  1.1017E+02 (120,  5)
n=    36   udiff=  5.5798E+01 ( 60, 15)   vdiff=  1.1142E+02 (120,  5)
n=    37   udiff=  5.3012E+01 ( 60, 15)   vdiff=  1.1244E+02 (120,  5)
n=    38   udiff=  5.4463E+01 (120,  1)   vdiff=  1.1368E+02 (120,  4)
n=    39   udiff=  5.7158E+01 (120,  1)   vdiff=  1.1633E+02 (120,  4)
n=    40   udiff=  6.0016E+01 (120,  1)   vdiff=  1.1887E+02 (120,  4)
n=    41   udiff=  6.3045E+01 (120,  1)   vdiff=  1.2125E+02 (120,  4)
n=    42   udiff=  6.6251E+01 (120,  1)   vdiff=  1.2345E+02 (120,  4)
n=    43   udiff=  6.9642E+01 (120,  1)   vdiff=  1.2541E+02 (120,  4)
n=    44   udiff=  7.3222E+01 (120,  1)   vdiff=  1.2708E+02 (120,  4)
n=    45   udiff=  7.6996E+01 (120,  1)   vdiff=  1.2841E+02 (120,  4)
n=    46   udiff=  8.0967E+01 (120,  1)   vdiff=  1.2933E+02 (120,  4)
n=    47   udiff=  8.5136E+01 (120,  1)   vdiff=  1.3096E+02 (120,  3)
n=    48   udiff=  8.9503E+01 (120,  1)   vdiff=  1.3502E+02 (120,  3)
n=    49   udiff=  9.4063E+01 (120,  1)   vdiff=  1.3895E+02 (120,  3)
n=    50   udiff=  9.8810E+01 (120,  1)   vdiff=  1.4269E+02 (120,  3)
n=    51   udiff=  1.0373E+02 (120,  1)   vdiff=  1.4617E+02 (120,  3)
n=    52   udiff=  1.0882E+02 (120,  1)   vdiff=  1.4933E+02 (120,  3)
n=    53   udiff=  1.1405E+02 (120,  1)   vdiff=  1.5206E+02 (120,  3)
n=    54   udiff=  1.1941E+02 (120,  1)   vdiff=  1.5429E+02 (120,  3)
n=    55   udiff=  1.2485E+02 (120,  1)   vdiff=  1.5592E+02 (120,  3)
n=    56   udiff=  1.3035E+02 (120,  1)   vdiff=  1.5684E+02 (120,  3)
n=    57   udiff=  1.3586E+02 (120,  1)   vdiff=  1.5695E+02 (120,  3)
n=    58   udiff=  1.4134E+02 (120,  1)   vdiff=  1.5916E+02 (118,  5)
n=    59   udiff=  1.4673E+02 (120,  1)   vdiff=  1.6666E+02 (118,  5)
n=    60   udiff=  1.5196E+02 (120,  1)   vdiff=  1.7362E+02 (118,  5)
n=    61   udiff=  1.5696E+02 (120,  1)   vdiff=  1.7980E+02 (118,  5)
n=    62   udiff=  1.6167E+02 (120,  1)   vdiff=  1.8494E+02 (118,  5)
n=    63   udiff=  1.6598E+02 (120,  1)   vdiff=  1.8876E+02 (118,  5)
n=    64   udiff=  1.6982E+02 (120,  1)   vdiff=  1.9514E+02 (118,  4)
n=    65   udiff=  1.7310E+02 (120,  1)   vdiff=  2.0861E+02 (118,  4)
n=    66   udiff=  1.7573E+02 (120,  1)   vdiff=  2.2171E+02 (118,  4)
n=    67   udiff=  1.7761E+02 (120,  1)   vdiff=  2.3407E+02 (118,  4)
n=    68   udiff=  1.7866E+02 (120,  1)   vdiff=  2.4525E+02 (118,  4)
n=    69   udiff=  1.7880E+02 (120,  1)   vdiff=  2.5476E+02 (118,  4)
n=    70   udiff=  1.7797E+02 (120,  1)   vdiff=  2.6205E+02 (118,  4)
n=    71   udiff=  1.7613E+02 (120,  1)   vdiff=  2.6651E+02 (118,  4)
n=    72   udiff=  1.7867E+02 (120,  2)   vdiff=  2.6754E+02 (118,  4)
n=    73   udiff=  1.9750E+02 (120,  2)   vdiff=  2.6451E+02 (118,  4)
n=    74   udiff=  2.1607E+02 (120,  2)   vdiff=  2.7674E+02 (118,  3)
n=    75   udiff=  2.3411E+02 (120,  2)   vdiff=  2.9872E+02 (118,  3)
n=    76   udiff=  2.5128E+02 (120,  2)   vdiff=  3.1938E+02 (118,  3)
n=    77   udiff=  2.6723E+02 (120,  2)   vdiff=  3.3793E+02 (118,  3)
n=    78   udiff=  2.8156E+02 (120,  2)   vdiff=  3.5348E+02 (118,  3)
n=    79   udiff=  2.9386E+02 (120,  2)   vdiff=  3.6512E+02 (118,  3)
n=    80   udiff=  3.0369E+02 (120,  2)   vdiff=  3.7191E+02 (118,  3)
n=    81   udiff=  3.1060E+02 (120,  2)   vdiff=  3.7297E+02 (118,  3)
n=    82   udiff=  3.1414E+02 (120,  2)   vdiff=  3.6752E+02 (118,  3)
n=    83   udiff=  3.1389E+02 (120,  2)   vdiff=  3.5495E+02 (118,  3)
n=    84   udiff=  3.0949E+02 (120,  2)   vdiff=  3.3490E+02 (118,  3)
n=    85   udiff=  3.0066E+02 (120,  2)   vdiff=  3.0727E+02 (118,  3)
n=    86   udiff=  2.9342E+02 (118,  3)   vdiff=  2.9254E+02 (116,  4)
n=    87   udiff=  3.0543E+02 (118,  3)   vdiff=  3.1088E+02 (116,  4)
n=    88   udiff=  3.1189E+02 (118,  3)   vdiff=  3.2629E+02 (116,  4)
n=    89   udiff=  3.1225E+02 (118,  3)   vdiff=  3.5922E+02 (118,  4)
n=    90   udiff=  3.0618E+02 (118,  3)   vdiff=  3.8807E+02 (118,  4)
n=    91   udiff=  2.9350E+02 (118,  3)   vdiff=  4.0751E+02 (118,  4)
n=    92   udiff=  2.8196E+02 (119,  2)   vdiff=  4.1697E+02 (118,  4)
n=    93   udiff=  3.0810E+02 (119,  2)   vdiff=  4.1626E+02 (118,  4)
n=    94   udiff=  3.2715E+02 (119,  2)   vdiff=  4.0565E+02 (118,  4)
n=    95   udiff=  3.3862E+02 (119,  2)   vdiff=  3.8573E+02 (118,  4)
n=    96   udiff=  3.4227E+02 (119,  2)   vdiff=  3.9695E+02 (116,  3)
n=    97   udiff=  3.3817E+02 (119,  2)   vdiff=  4.2930E+02 (116,  3)
n=    98   udiff=  3.2663E+02 (119,  2)   vdiff=  4.5757E+02 (116,  3)
n=    99   udiff=  3.0813E+02 (119,  2)   vdiff=  4.8052E+02 (116,  3)
n=   100   udiff=  3.0790E+02 (118,  2)   vdiff=  4.9699E+02 (116,  3)
n=   101   udiff=  3.2838E+02 (118,  2)   vdiff=  5.0591E+02 (116,  3)
n=   102   udiff=  3.4697E+02 (118,  2)   vdiff=  5.0639E+02 (116,  3)
n=   103   udiff=  3.6340E+02 (118,  2)   vdiff=  4.9773E+02 (116,  3)
n=   104   udiff=  3.7723E+02 (118,  2)   vdiff=  4.7952E+02 (116,  3)
n=   105   udiff=  3.8788E+02 (118,  2)   vdiff=  4.5162E+02 (116,  3)
n=   106   udiff=  3.9465E+02 (118,  2)   vdiff=  4.1426E+02 (116,  3)
n=   107   udiff=  4.0221E+02 (116,  3)   vdiff=  3.6795E+02 (116,  3)
n=   108   udiff=  4.1937E+02 (116,  3)   vdiff=  4.1545E+02 (116,  4)
n=   109   udiff=  4.2866E+02 (116,  3)   vdiff=  4.5966E+02 (116,  4)
n=   110   udiff=  4.2962E+02 (116,  3)   vdiff=  4.9464E+02 (116,  4)
n=   111   udiff=  4.2198E+02 (116,  3)   vdiff=  5.1918E+02 (116,  4)
n=   112   udiff=  4.0574E+02 (116,  3)   vdiff=  5.3248E+02 (116,  4)
n=   113   udiff=  3.8111E+02 (116,  3)   vdiff=  5.3413E+02 (116,  4)
n=   114   udiff=  3.6265E+02 (117,  2)   vdiff=  5.2418E+02 (116,  4)
n=   115   udiff=  3.9953E+02 (117,  2)   vdiff=  5.0311E+02 (116,  4)
n=   116   udiff=  4.2682E+02 (117,  2)   vdiff=  4.7176E+02 (116,  4)
n=   117   udiff=  4.4367E+02 (117,  2)   vdiff=  4.3542E+02 (114,  3)
n=   118   udiff=  4.4957E+02 (117,  2)   vdiff=  4.7099E+02 (114,  3)
n=   119   udiff=  4.4438E+02 (117,  2)   vdiff=  5.0146E+02 (114,  3)
n=   120   udiff=  4.2831E+02 (117,  2)   vdiff=  5.2562E+02 (114,  3)
n=   121   udiff=  4.0191E+02 (117,  2)   vdiff=  5.4242E+02 (114,  3)
n=   122   udiff=  3.8948E+02 (115,  3)   vdiff=  5.5096E+02 (114,  3)
n=   123   udiff=  4.0181E+02 (115,  3)   vdiff=  5.5058E+02 (114,  3)
n=   124   udiff=  4.0692E+02 (115,  3)   vdiff=  5.4081E+02 (114,  3)
n=   125   udiff=  4.0498E+02 (115,  3)   vdiff=  5.2143E+02 (114,  3)
n=   126   udiff=  3.9621E+02 (115,  3)   vdiff=  4.9248E+02 (114,  3)
n=   127   udiff=  4.0904E+02 (114,  3)   vdiff=  4.5419E+02 (114,  3)
n=   128   udiff=  4.3316E+02 (114,  3)   vdiff=  4.0708E+02 (114,  3)
n=   129   udiff=  4.4966E+02 (114,  3)   vdiff=  4.2939E+02 (114,  4)
n=   130   udiff=  4.5785E+02 (114,  3)   vdiff=  4.6667E+02 (114,  4)
n=   131   udiff=  4.5723E+02 (114,  3)   vdiff=  4.9594E+02 (114,  4)
n=   132   udiff=  4.4754E+02 (114,  3)   vdiff=  5.1617E+02 (114,  4)
n=   133   udiff=  4.2878E+02 (114,  3)   vdiff=  5.2662E+02 (114,  4)
n=   134   udiff=  4.0121E+02 (114,  3)   vdiff=  5.2683E+02 (114,  4)
n=   135   udiff=  4.0478E+02 (119,  2)   vdiff=  5.2985E+02 (116,  4)
n=   136   udiff=  4.1403E+02 (119,  2)   vdiff=  5.5552E+02 (116,  4)
n=   137   udiff=  4.2852E+02 (115,  2)   vdiff=  5.7434E+02 (116,  4)
n=   138   udiff=  4.4928E+02 (115,  2)   vdiff=  5.8475E+02 (116,  4)
n=   139   udiff=  4.5744E+02 (115,  2)   vdiff=  5.8496E+02 (116,  4)
n=   140   udiff=  4.5255E+02 (115,  2)   vdiff=  5.7315E+02 (116,  4)
n=   141   udiff=  4.3466E+02 (115,  2)   vdiff=  5.8621E+02 (118,  3)
n=   142   udiff=  4.0433E+02 (115,  2)   vdiff=  5.9689E+02 (118,  3)
n=   143   udiff=  4.1238E+02 (116,  4)   vdiff=  5.9192E+02 (118,  3)
n=   144   udiff=  4.3547E+02 (116,  4)   vdiff=  5.7201E+02 (118,  3)
n=   145   udiff=  4.4670E+02 (116,  4)   vdiff=  5.4408E+02 (112,  3)
n=   146   udiff=  4.4508E+02 (116,  4)   vdiff=  5.2395E+02 (112,  3)
n=   147   udiff=  4.3043E+02 (116,  4)   vdiff=  4.9431E+02 (114,  3)
n=   148   udiff=  4.1088E+02 (112,  3)   vdiff=  4.6106E+02 (115,  4)
n=   149   udiff=  4.3071E+02 (112,  3)   vdiff=  4.7044E+02 (115,  4)
n=   150   udiff=  4.4257E+02 (112,  3)   vdiff=  4.8650E+02 (117,  4)
n=   151   udiff=  4.4574E+02 (112,  3)   vdiff=  5.0617E+02 (117,  4)
n=   152   udiff=  4.7556E+02 (117,  2)   vdiff=  5.1120E+02 (117,  4)
n=   153   udiff=  5.2055E+02 (117,  2)   vdiff=  5.0198E+02 (117,  4)
n=   154   udiff=  5.5128E+02 (117,  2)   vdiff=  5.2100E+02 (114,  4)
n=   155   udiff=  5.6629E+02 (117,  2)   vdiff=  5.6009E+02 (114,  4)
n=   156   udiff=  5.6489E+02 (117,  2)   vdiff=  5.9284E+02 (114,  4)
n=   157   udiff=  5.4726E+02 (117,  2)   vdiff=  6.1813E+02 (114,  4)
n=   158   udiff=  5.1444E+02 (117,  2)   vdiff=  6.3456E+02 (114,  4)
n=   159   udiff=  4.7020E+02 (113,  2)   vdiff=  6.7382E+02 (116,  3)
n=   160   udiff=  4.6703E+02 (113,  2)   vdiff=  7.1112E+02 (116,  3)
n=   161   udiff=  4.4969E+02 (113,  2)   vdiff=  7.2876E+02 (116,  3)
n=   162   udiff=  4.4818E+02 (116,  2)   vdiff=  7.2708E+02 (116,  3)
n=   163   udiff=  4.6096E+02 (116,  2)   vdiff=  7.0710E+02 (116,  3)
n=   164   udiff=  4.6449E+02 (116,  2)   vdiff=  6.7034E+02 (116,  3)
n=   165   udiff=  4.5837E+02 (116,  2)   vdiff=  6.1872E+02 (116,  3)
n=   166   udiff=  4.4237E+02 (116,  2)   vdiff=  5.5443E+02 (116,  3)
n=   167   udiff=  4.3510E+02 (116,  4)   vdiff=  5.3203E+02 (113,  4)
n=   168   udiff=  4.1985E+02 (116,  4)   vdiff=  5.5350E+02 (113,  4)
n=   169   udiff=  4.0248E+02 (112,  2)   vdiff=  5.8245E+02 (115,  4)
n=   170   udiff=  4.1060E+02 (110,  3)   vdiff=  6.1012E+02 (115,  4)
n=   171   udiff=  4.6263E+02 (115,  2)   vdiff=  6.2194E+02 (115,  4)
n=   172   udiff=  5.0803E+02 (115,  2)   vdiff=  6.1820E+02 (115,  4)
n=   173   udiff=  5.4333E+02 (115,  2)   vdiff=  5.9983E+02 (115,  4)
n=   174   udiff=  5.6710E+02 (115,  2)   vdiff=  5.6825E+02 (115,  4)
n=   175   udiff=  5.7825E+02 (115,  2)   vdiff=  5.2529E+02 (115,  4)
n=   176   udiff=  5.7620E+02 (115,  2)   vdiff=  5.4698E+02 (112,  4)
n=   177   udiff=  5.6091E+02 (115,  2)   vdiff=  5.7884E+02 (112,  4)
n=   178   udiff=  5.3299E+02 (115,  2)   vdiff=  6.0357E+02 (112,  4)
n=   179   udiff=  5.2104E+02 (117,  2)   vdiff=  6.2011E+02 (112,  4)
n=   180   udiff=  5.0395E+02 (117,  2)   vdiff=  6.2730E+02 (112,  4)
n=   181   udiff=  4.7871E+02 (117,  2)   vdiff=  6.4781E+02 (114,  3)
n=   182   udiff=  4.4743E+02 (114,  2)   vdiff=  6.5234E+02 (114,  3)
n=   183   udiff=  4.6772E+02 (114,  2)   vdiff=  6.4051E+02 (114,  3)
n=   184   udiff=  4.7991E+02 (114,  2)   vdiff=  6.1340E+02 (114,  3)
n=   185   udiff=  4.8428E+02 (114,  2)   vdiff=  5.7248E+02 (114,  3)
n=   186   udiff=  4.9025E+02 (116,  2)   vdiff=  5.4668E+02 (110,  3)
n=   187   udiff=  5.0125E+02 (116,  2)   vdiff=  5.5721E+02 (111,  4)
n=   188   udiff=  5.0817E+02 (116,  2)   vdiff=  5.9390E+02 (111,  4)
n=   189   udiff=  5.1091E+02 (116,  2)   vdiff=  6.4231E+02 (113,  4)
n=   190   udiff=  5.0935E+02 (116,  2)   vdiff=  6.7933E+02 (113,  4)
n=   191   udiff=  5.0331E+02 (116,  2)   vdiff=  7.0207E+02 (113,  4)
n=   192   udiff=  4.9257E+02 (116,  2)   vdiff=  7.1060E+02 (113,  4)
n=   193   udiff=  4.9551E+02 (115,  2)   vdiff=  7.0536E+02 (113,  4)
n=   194   udiff=  5.6066E+02 (115,  2)   vdiff=  7.0006E+02 (115,  3)
n=   195   udiff=  6.1966E+02 (115,  2)   vdiff=  6.8663E+02 (115,  3)
n=   196   udiff=  6.7059E+02 (115,  2)   vdiff=  6.5772E+02 (115,  3)
n=   197   udiff=  7.1139E+02 (115,  2)   vdiff=  6.1278E+02 (115,  3)
n=   198   udiff=  7.3998E+02 (115,  2)   vdiff=  5.6256E+02 (110,  4)
n=   199   udiff=  7.5443E+02 (115,  2)   vdiff=  5.9081E+02 (110,  4)
n=   200   udiff=  7.5318E+02 (115,  2)   vdiff=  6.1169E+02 (110,  4)
n=   201   udiff=  7.3518E+02 (115,  2)   vdiff=  6.2432E+02 (110,  4)
n=   202   udiff=  7.0008E+02 (115,  2)   vdiff=  6.2782E+02 (110,  4)
n=   203   udiff=  6.4835E+02 (115,  2)   vdiff=  6.3169E+02 (112,  4)
n=   204   udiff=  5.8126E+02 (115,  2)   vdiff=  6.5227E+02 (114,  4)
n=   205   udiff=  5.0085E+02 (115,  2)   vdiff=  6.6944E+02 (114,  4)
n=   206   udiff=  5.5531E+02 (114,  2)   vdiff=  6.7050E+02 (114,  4)
n=   207   udiff=  6.0158E+02 (114,  2)   vdiff=  6.5597E+02 (114,  4)
n=   208   udiff=  6.3706E+02 (114,  2)   vdiff=  6.4667E+02 (113,  3)
n=   209   udiff=  6.6155E+02 (114,  2)   vdiff=  7.3201E+02 (113,  3)
n=   210   udiff=  6.7550E+02 (114,  2)   vdiff=  8.0836E+02 (113,  3)
n=   211   udiff=  6.7988E+02 (114,  2)   vdiff=  8.7358E+02 (113,  3)
n=   212   udiff=  6.7590E+02 (114,  2)   vdiff=  9.2558E+02 (113,  3)
n=   213   udiff=  6.6476E+02 (114,  2)   vdiff=  9.6225E+02 (113,  3)
n=   214   udiff=  6.4739E+02 (114,  2)   vdiff=  9.8136E+02 (113,  3)
n=   215   udiff=  6.2422E+02 (114,  2)   vdiff=  9.8057E+02 (113,  3)
n=   216   udiff=  6.8295E+02 (113,  2)   vdiff=  9.5747E+02 (113,  3)
n=   217   udiff=  7.5601E+02 (113,  2)   vdiff=  9.0977E+02 (113,  3)
n=   218   udiff=  8.1540E+02 (113,  2)   vdiff=  8.4300E+02 (113,  4)
n=   219   udiff=  8.5685E+02 (113,  2)   vdiff=  9.0042E+02 (113,  4)
n=   220   udiff=  8.7626E+02 (113,  2)   vdiff=  9.4775E+02 (113,  4)
n=   221   udiff=  8.7024E+02 (113,  2)   vdiff=  9.7968E+02 (113,  4)
n=   222   udiff=  8.3667E+02 (113,  2)   vdiff=  9.9006E+02 (113,  4)
n=   223   udiff=  7.7523E+02 (113,  2)   vdiff=  9.7249E+02 (113,  4)
n=   224   udiff=  6.8784E+02 (113,  2)   vdiff=  9.2108E+02 (113,  4)
n=   225   udiff=  6.3107E+02 (113,  3)   vdiff=  8.7068E+02 (112,  4)
n=   226   udiff=  6.8619E+02 (113,  3)   vdiff=  8.9866E+02 (112,  4)
n=   227   udiff=  7.1090E+02 (113,  3)   vdiff=  9.0390E+02 (112,  4)
n=   228   udiff=  7.0262E+02 (113,  3)   vdiff=  8.8770E+02 (112,  4)
n=   229   udiff=  6.6160E+02 (113,  3)   vdiff=  9.7529E+02 (113,  3)
n=   230   udiff=  6.5879E+02 (112,  2)   vdiff=  1.0494E+03 (113,  3)
n=   231   udiff=  6.7525E+02 (112,  2)   vdiff=  1.0831E+03 (113,  3)
n=   232   udiff=  7.0160E+02 (114,  4)   vdiff=  1.0796E+03 (113,  3)
n=   233   udiff=  7.1704E+02 (114,  4)   vdiff=  1.0450E+03 (113,  3)
n=   234   udiff=  6.9608E+02 (114,  4)   vdiff=  1.0109E+03 (113,  4)
n=   235   udiff=  6.5316E+02 (112,  2)   vdiff=  1.1458E+03 (113,  4)
n=   236   udiff=  6.3141E+02 (112,  2)   vdiff=  1.2374E+03 (113,  4)
n=   237   udiff=  6.0278E+02 (111,  2)   vdiff=  1.2864E+03 (113,  4)
n=   238   udiff=  6.5988E+02 (111,  2)   vdiff=  1.2963E+03 (113,  4)
n=   239   udiff=  6.9594E+02 (111,  2)   vdiff=  1.2721E+03 (113,  4)
n=   240   udiff=  7.0628E+02 (111,  2)   vdiff=  1.2446E+03 (111,  4)
n=   241   udiff=  6.8738E+02 (111,  2)   vdiff=  1.2433E+03 (111,  4)
n=   242   udiff=  6.3783E+02 (111,  2)   vdiff=  1.2103E+03 (111,  4)
n=   243   udiff=  7.1670E+02 (111,  3)   vdiff=  1.1387E+03 (111,  4)
n=   244   udiff=  8.1288E+02 (111,  3)   vdiff=  1.0223E+03 (111,  4)
n=   245   udiff=  8.7758E+02 (111,  3)   vdiff=  1.0243E+03 (110,  4)
n=   246   udiff=  9.0231E+02 (111,  3)   vdiff=  1.0738E+03 (110,  4)
n=   247   udiff=  8.8141E+02 (111,  3)   vdiff=  1.1031E+03 (110,  4)
n=   248   udiff=  8.7675E+02 (112,  4)   vdiff=  1.1121E+03 (110,  4)
n=   249   udiff=  1.0038E+03 (112,  4)   vdiff=  1.0990E+03 (110,  4)
n=   250   udiff=  1.0973E+03 (112,  4)   vdiff=  1.0607E+03 (110,  4)
n=   251   udiff=  1.1453E+03 (112,  4)   vdiff=  9.9295E+02 (110,  4)
n=   252   udiff=  1.1398E+03 (112,  4)   vdiff=  1.1232E+03 (111,  4)
n=   253   udiff=  1.1668E+03 (110,  4)   vdiff=  1.3485E+03 (111,  4)
n=   254   udiff=  1.1397E+03 (110,  4)   vdiff=  1.5174E+03 (111,  4)
n=   255   udiff=  1.0566E+03 (110,  4)   vdiff=  1.6268E+03 (111,  4)
n=   256   udiff=  9.2300E+02 (110,  4)   vdiff=  1.6792E+03 (111,  4)
n=   257   udiff=  7.6037E+02 (111,  3)   vdiff=  1.6811E+03 (111,  4)
n=   258   udiff=  8.7397E+02 (111,  3)   vdiff=  1.6411E+03 (111,  4)
n=   259   udiff=  9.4671E+02 (111,  3)   vdiff=  1.5675E+03 (111,  4)
n=   260   udiff=  9.7322E+02 (111,  3)   vdiff=  1.4666E+03 (111,  4)
n=   261   udiff=  9.5080E+02 (111,  3)   vdiff=  1.3421E+03 (111,  4)
n=   262   udiff=  8.8024E+02 (111,  3)   vdiff=  1.1957E+03 (111,  4)
n=   263   udiff=  9.0788E+02 (109,  3)   vdiff=  1.2098E+03 (110,  4)
n=   264   udiff=  8.9932E+02 (109,  3)   vdiff=  1.2647E+03 (110,  4)
n=   265   udiff=  8.5912E+02 (110,  4)   vdiff=  1.2861E+03 (110,  4)
n=   266   udiff=  1.0166E+03 (110,  4)   vdiff=  1.2800E+03 (110,  4)
n=   267   udiff=  1.1501E+03 (110,  4)   vdiff=  1.2519E+03 (110,  4)
n=   268   udiff=  1.2499E+03 (110,  4)   vdiff=  1.2053E+03 (110,  4)
n=   269   udiff=  1.3058E+03 (110,  4)   vdiff=  1.1417E+03 (110,  4)
n=   270   udiff=  1.3101E+03 (110,  4)   vdiff=  1.0601E+03 (110,  4)
n=   271   udiff=  1.2592E+03 (110,  4)   vdiff=  1.1910E+03 (109,  4)
n=   272   udiff=  1.1555E+03 (110,  4)   vdiff=  1.3496E+03 (109,  4)
n=   273   udiff=  1.0926E+03 (108,  4)   vdiff=  1.4562E+03 (109,  4)
n=   274   udiff=  1.0309E+03 (108,  4)   vdiff=  1.5107E+03 (109,  4)
n=   275   udiff=  9.2722E+02 (108,  4)   vdiff=  1.5171E+03 (109,  4)
n=   276   udiff=  1.0507E+03 (109,  3)   vdiff=  1.4824E+03 (109,  4)
n=   277   udiff=  1.1763E+03 (109,  3)   vdiff=  1.4149E+03 (109,  4)
n=   278   udiff=  1.2551E+03 (109,  3)   vdiff=  1.3229E+03 (109,  4)
n=   279   udiff=  1.2808E+03 (109,  3)   vdiff=  1.2135E+03 (109,  4)
n=   280   udiff=  1.2521E+03 (109,  3)   vdiff=  1.0916E+03 (109,  4)
n=   281   udiff=  1.1729E+03 (109,  3)   vdiff=  1.1467E+03 (108,  4)
n=   282   udiff=  1.0513E+03 (109,  3)   vdiff=  1.2366E+03 (108,  4)
n=   283   udiff=  9.7317E+02 (110,  3)   vdiff=  1.2857E+03 (108,  4)
n=   284   udiff=  1.0571E+03 (110,  3)   vdiff=  1.2994E+03 (108,  4)
n=   285   udiff=  1.1095E+03 (110,  3)   vdiff=  1.2844E+03 (108,  4)
n=   286   udiff=  1.1354E+03 (110,  3)   vdiff=  1.2480E+03 (108,  4)
n=   287   udiff=  1.1385E+03 (110,  3)   vdiff=  1.1964E+03 (108,  4)
n=   288   udiff=  1.1210E+03 (110,  3)   vdiff=  1.1343E+03 (108,  4)
n=   289   udiff=  1.0844E+03 (110,  3)   vdiff=  1.0648E+03 (108,  4)
n=   290   udiff=  1.0335E+03 (108,  4)   vdiff=  9.8884E+02 (108,  4)
n=   291   udiff=  1.0231E+03 (108,  4)   vdiff=  9.0648E+02 (108,  4)
n=   292   udiff=  9.8225E+02 (108,  4)   vdiff=  9.3805E+02 (107,  4)
n=   293   udiff=  9.1301E+02 (108,  4)   vdiff=  1.0215E+03 (107,  4)
n=   294   udiff=  9.7869E+02 (111,  3)   vdiff=  1.0799E+03 (107,  4)
n=   295   udiff=  1.0220E+03 (111,  3)   vdiff=  1.1137E+03 (107,  4)
n=   296   udiff=  1.0335E+03 (111,  3)   vdiff=  1.1244E+03 (107,  4)
n=   297   udiff=  1.0153E+03 (111,  3)   vdiff=  1.1140E+03 (107,  4)
n=   298   udiff=  9.7129E+02 (111,  3)   vdiff=  1.0852E+03 (107,  4)
n=   299   udiff=  9.0614E+02 (111,  3)   vdiff=  1.0407E+03 (107,  4)
n=   300   udiff=  9.4001E+02 (107,  3)   vdiff=  9.8324E+02 (107,  4)
n=   301   udiff=  9.6382E+02 (107,  3)   vdiff=  9.1515E+02 (107,  4)
n=   302   udiff=  9.6268E+02 (107,  3)   vdiff=  8.3845E+02 (107,  4)
n=   303   udiff=  9.3739E+02 (107,  3)   vdiff=  8.0089E+02 (106,  4)
n=   304   udiff=  8.9041E+02 (107,  3)   vdiff=  8.5690E+02 (106,  4)
n=   305   udiff=  8.2550E+02 (107,  3)   vdiff=  8.9282E+02 (106,  4)
n=   306   udiff=  8.4095E+02 (112,  3)   vdiff=  9.0988E+02 (106,  4)
n=   307   udiff=  8.6506E+02 (112,  3)   vdiff=  9.1007E+02 (106,  4)
n=   308   udiff=  8.6782E+02 (112,  3)   vdiff=  8.9587E+02 (106,  4)
n=   309   udiff=  8.5017E+02 (112,  3)   vdiff=  8.6995E+02 (106,  4)
n=   310   udiff=  8.1418E+02 (112,  3)   vdiff=  8.4222E+02 (108,  4)
n=   311   udiff=  7.6294E+02 (112,  3)   vdiff=  8.4436E+02 (108,  4)
n=   312   udiff=  7.0198E+02 (108,  3)   vdiff=  8.3831E+02 (108,  4)
n=   313   udiff=  7.3235E+02 (108,  3)   vdiff=  8.2502E+02 (108,  4)
n=   314   udiff=  7.5453E+02 (108,  3)   vdiff=  8.0529E+02 (108,  4)
n=   315   udiff=  7.6790E+02 (108,  3)   vdiff=  7.7974E+02 (108,  4)
n=   316   udiff=  7.7187E+02 (108,  3)   vdiff=  7.4880E+02 (108,  4)
n=   317   udiff=  7.6611E+02 (108,  3)   vdiff=  7.1269E+02 (108,  4)
n=   318   udiff=  7.5054E+02 (108,  3)   vdiff=  6.7142E+02 (108,  4)
n=   319   udiff=  7.2543E+02 (108,  3)   vdiff=  6.4445E+02 (105,  4)
n=   320   udiff=  6.9140E+02 (108,  3)   vdiff=  6.4946E+02 (105,  4)
n=   321   udiff=  6.9745E+02 (108,  4)   vdiff=  6.4798E+02 (105,  4)
n=   322   udiff=  7.1222E+02 (110,  3)   vdiff=  6.5356E+02 (107,  4)
n=   323   udiff=  7.3300E+02 (110,  3)   vdiff=  6.7564E+02 (116,  4)
n=   324   udiff=  7.4455E+02 (110,  3)   vdiff=  6.9360E+02 (116,  4)
n=   325   udiff=  7.4584E+02 (110,  3)   vdiff=  6.9496E+02 (116,  4)
n=   326   udiff=  7.3598E+02 (110,  3)   vdiff=  6.7758E+02 (116,  4)
n=   327   udiff=  7.4850E+02 (118,  3)   vdiff=  6.4372E+02 (107,  4)
n=   328   udiff=  7.3738E+02 (118,  3)   vdiff=  6.2147E+02 (107,  4)
n=   329   udiff=  7.2063E+02 (116,  3)   vdiff=  6.3169E+02 (109,  4)
n=   330   udiff=  6.9124E+02 (116,  3)   vdiff=  6.2974E+02 (109,  4)
n=   331   udiff=  6.8567E+02 (107,  4)   vdiff=  6.1731E+02 (117,  4)
n=   332   udiff=  7.7436E+02 (117,  3)   vdiff=  6.2334E+02 (100,  4)
n=   333   udiff=  8.7162E+02 (117,  3)   vdiff=  6.4054E+02 (100,  4)
n=   334   udiff=  9.3572E+02 (117,  3)   vdiff=  6.4585E+02 (100,  4)
n=   335   udiff=  9.6560E+02 (117,  3)   vdiff=  6.7303E+02 (116,  3)
n=   336   udiff=  9.6300E+02 (117,  3)   vdiff=  6.9980E+02 (116,  3)
n=   337   udiff=  9.3207E+02 (117,  3)   vdiff=  7.0195E+02 (116,  3)
n=   338   udiff=  8.7873E+02 (117,  3)   vdiff=  6.8163E+02 (116,  3)
n=   339   udiff=  8.7499E+02 (118,  3)   vdiff=  6.4236E+02 (116,  3)
n=   340   udiff=  9.5776E+02 (118,  3)   vdiff=  6.2372E+02 (107,  5)
n=   341   udiff=  9.9829E+02 (118,  3)   vdiff=  6.8982E+02 (107,  5)
n=   342   udiff=  9.9810E+02 (118,  3)   vdiff=  7.4445E+02 (107,  5)
n=   343   udiff=  9.6194E+02 (118,  3)   vdiff=  7.8726E+02 (107,  5)
n=   344   udiff=  8.9683E+02 (118,  3)   vdiff=  8.1828E+02 (107,  5)
n=   345   udiff=  8.6150E+02 (119,  3)   vdiff=  8.3781E+02 (107,  5)
n=   346   udiff=  9.5952E+02 (119,  3)   vdiff=  8.4637E+02 (107,  5)
n=   347   udiff=  1.0244E+03 (119,  3)   vdiff=  8.4457E+02 (107,  5)
n=   348   udiff=  1.0577E+03 (119,  3)   vdiff=  8.3306E+02 (107,  5)
n=   349   udiff=  1.0623E+03 (119,  3)   vdiff=  8.1249E+02 (107,  5)
n=   350   udiff=  1.0425E+03 (119,  3)   vdiff=  7.8342E+02 (107,  5)
n=   351   udiff=  1.0030E+03 (119,  3)   vdiff=  7.4626E+02 (107,  5)
n=   352   udiff=  9.4888E+02 (119,  3)   vdiff=  7.7031E+02 (118,  3)
n=   353   udiff=  8.8483E+02 (119,  3)   vdiff=  7.8386E+02 (118,  3)
n=   354   udiff=  8.4192E+02 (107,  4)   vdiff=  7.8698E+02 (118,  3)
n=   355   udiff=  8.9009E+02 (107,  4)   vdiff=  7.8751E+02 (112,  4)
n=   356   udiff=  9.2566E+02 (107,  4)   vdiff=  7.9198E+02 (112,  4)
n=   357   udiff=  9.4618E+02 (107,  4)   vdiff=  7.8708E+02 (112,  4)
n=   358   udiff=  9.4926E+02 (107,  4)   vdiff=  7.7271E+02 (112,  4)
n=   359   udiff=  9.3276E+02 (107,  4)   vdiff=  7.4869E+02 (112,  4)
n=   360   udiff=  8.9496E+02 (107,  4)   vdiff=  7.5153E+02 (106,  5)
n=   361   udiff=  8.3480E+02 (107,  4)   vdiff=  7.7875E+02 (106,  5)
n=   362   udiff=  7.5204E+02 (107,  4)   vdiff=  7.9788E+02 (106,  5)
n=   363   udiff=  6.5662E+02 (114,  3)   vdiff=  8.0490E+02 (106,  5)
n=   364   udiff=  6.6745E+02 (108,  5)   vdiff=  8.0625E+02 (113,  4)
n=   365   udiff=  7.0575E+02 (108,  5)   vdiff=  8.0470E+02 (113,  4)
n=   366   udiff=  7.2750E+02 (108,  5)   vdiff=  7.9053E+02 (113,  4)
n=   367   udiff=  7.5115E+02 (113,  3)   vdiff=  8.6045E+02 (105,  5)
n=   368   udiff=  8.0599E+02 (113,  3)   vdiff=  9.2161E+02 (105,  5)
n=   369   udiff=  8.4613E+02 (113,  3)   vdiff=  9.6456E+02 (105,  5)
n=   370   udiff=  8.7040E+02 (113,  3)   vdiff=  9.9614E+02 (107,  5)
n=   371   udiff=  8.7797E+02 (113,  3)   vdiff=  1.0317E+03 (107,  5)
n=   372   udiff=  8.6853E+02 (113,  3)   vdiff=  1.0473E+03 (107,  5)
n=   373   udiff=  8.6135E+02 (107,  4)   vdiff=  1.0441E+03 (107,  5)
n=   374   udiff=  9.5094E+02 (107,  4)   vdiff=  1.0241E+03 (107,  5)
n=   375   udiff=  1.0105E+03 (107,  4)   vdiff=  9.8981E+02 (107,  5)
n=   376   udiff=  1.0384E+03 (107,  4)   vdiff=  9.4366E+02 (107,  5)
n=   377   udiff=  1.0352E+03 (107,  4)   vdiff=  8.8774E+02 (107,  5)
n=   378   udiff=  1.0032E+03 (107,  4)   vdiff=  8.2364E+02 (107,  5)
n=   379   udiff=  9.4637E+02 (107,  4)   vdiff=  7.8905E+02 (106,  5)
n=   380   udiff=  9.5512E+02 (105,  4)   vdiff=  8.4243E+02 (106,  5)
n=   381   udiff=  9.4881E+02 (105,  4)   vdiff=  8.8196E+02 (106,  5)
n=   382   udiff=  9.1999E+02 (105,  4)   vdiff=  9.0970E+02 (106,  5)
n=   383   udiff=  8.6861E+02 (105,  4)   vdiff=  9.2767E+02 (106,  5)
n=   384   udiff=  7.9539E+02 (105,  4)   vdiff=  9.3760E+02 (106,  5)
n=   385   udiff=  8.0831E+02 (106,  5)   vdiff=  9.4075E+02 (106,  5)
n=   386   udiff=  8.8524E+02 (106,  5)   vdiff=  9.3778E+02 (106,  5)
n=   387   udiff=  9.4505E+02 (106,  5)   vdiff=  9.2876E+02 (106,  5)
n=   388   udiff=  9.8409E+02 (106,  5)   vdiff=  9.1319E+02 (106,  5)
n=   389   udiff=  9.9951E+02 (106,  5)   vdiff=  8.9019E+02 (106,  5)
n=   390   udiff=  9.8966E+02 (106,  5)   vdiff=  8.5866E+02 (106,  5)
n=   391   udiff=  9.5440E+02 (106,  5)   vdiff=  8.6265E+02 (105,  5)
n=   392   udiff=  8.9527E+02 (106,  5)   vdiff=  9.2784E+02 (105,  5)
n=   393   udiff=  8.8145E+02 (106,  4)   vdiff=  9.7374E+02 (105,  5)
n=   394   udiff=  8.4162E+02 (106,  4)   vdiff=  1.0003E+03 (105,  5)
n=   395   udiff=  7.8097E+02 (108,  3)   vdiff=  1.0085E+03 (105,  5)
n=   396   udiff=  8.5519E+02 (105,  4)   vdiff=  1.0003E+03 (105,  5)
n=   397   udiff=  9.6001E+02 (105,  4)   vdiff=  9.7858E+02 (105,  5)
n=   398   udiff=  1.0432E+03 (105,  4)   vdiff=  9.4669E+02 (105,  5)
n=   399   udiff=  1.1020E+03 (105,  4)   vdiff=  9.0831E+02 (105,  5)
n=   400   udiff=  1.1347E+03 (105,  4)   vdiff=  8.6701E+02 (105,  5)
n=   401   udiff=  1.1411E+03 (105,  4)   vdiff=  8.2583E+02 (105,  5)
n=   402   udiff=  1.1220E+03 (105,  4)   vdiff=  7.8692E+02 (105,  5)
n=   403   udiff=  1.0797E+03 (105,  4)   vdiff=  7.5133E+02 (105,  5)
n=   404   udiff=  1.0169E+03 (105,  4)   vdiff=  7.7202E+02 (104,  5)
n=   405   udiff=  9.3714E+02 (105,  4)   vdiff=  8.1971E+02 (104,  5)
n=   406   udiff=  8.4412E+02 (105,  4)   vdiff=  8.5823E+02 (104,  5)
n=   407   udiff=  7.6251E+02 (119,  4)   vdiff=  8.8821E+02 (104,  5)
n=   408   udiff=  8.1438E+02 (119,  4)   vdiff=  9.1026E+02 (104,  5)
n=   409   udiff=  8.6090E+02 (119,  3)   vdiff=  9.2489E+02 (104,  5)
n=   410   udiff=  9.0643E+02 (119,  3)   vdiff=  9.3246E+02 (104,  5)
n=   411   udiff=  9.2771E+02 (119,  3)   vdiff=  9.3309E+02 (104,  5)
n=   412   udiff=  9.2742E+02 (119,  3)   vdiff=  9.2657E+02 (104,  5)
n=   413   udiff=  9.0890E+02 (119,  3)   vdiff=  9.1238E+02 (104,  5)
n=   414   udiff=  8.7540E+02 (119,  3)   vdiff=  8.8980E+02 (104,  5)
n=   415   udiff=  9.2261E+02 (119,  2)   vdiff=  8.9277E+02 (108,  3)
n=   416   udiff=  1.0294E+03 (119,  2)   vdiff=  9.4438E+02 (108,  3)
n=   417   udiff=  1.1325E+03 (119,  2)   vdiff=  9.8489E+02 (108,  3)
n=   418   udiff=  1.2276E+03 (119,  2)   vdiff=  1.0140E+03 (108,  3)
n=   419   udiff=  1.3094E+03 (119,  2)   vdiff=  1.0311E+03 (108,  3)
n=   420   udiff=  1.3710E+03 (119,  2)   vdiff=  1.0351E+03 (108,  3)
n=   421   udiff=  1.4046E+03 (119,  2)   vdiff=  1.0245E+03 (108,  3)
n=   422   udiff=  1.4017E+03 (119,  2)   vdiff=  9.9787E+02 (108,  3)
n=   423   udiff=  1.3541E+03 (119,  2)   vdiff=  1.0079E+03 (118,  3)
n=   424   udiff=  1.2545E+03 (119,  2)   vdiff=  1.0376E+03 (118,  3)
n=   425   udiff=  1.0979E+03 (119,  2)   vdiff=  1.0413E+03 (118,  3)
n=   426   udiff=  1.0332E+03 (120,  2)   vdiff=  1.0125E+03 (118,  3)
n=   427   udiff=  1.1636E+03 (120,  2)   vdiff=  1.0540E+03 (107,  3)
n=   428   udiff=  1.2735E+03 (120,  2)   vdiff=  1.0773E+03 (107,  3)
n=   429   udiff=  1.3471E+03 (120,  2)   vdiff=  1.2274E+03 (119,  3)
n=   430   udiff=  1.3708E+03 (120,  2)   vdiff=  1.4483E+03 (119,  3)
n=   431   udiff=  1.3365E+03 (120,  2)   vdiff=  1.6128E+03 (119,  3)
n=   432   udiff=  1.2432E+03 (120,  2)   vdiff=  1.7119E+03 (119,  3)
n=   433   udiff=  1.3356E+03 (119,  2)   vdiff=  1.7434E+03 (119,  3)
n=   434   udiff=  1.5326E+03 (119,  2)   vdiff=  1.7112E+03 (119,  3)
n=   435   udiff=  1.6540E+03 (119,  2)   vdiff=  1.6242E+03 (119,  3)
n=   436   udiff=  1.6991E+03 (119,  2)   vdiff=  1.4942E+03 (119,  3)
n=   437   udiff=  1.6741E+03 (119,  2)   vdiff=  1.3336E+03 (119,  3)
n=   438   udiff=  1.5907E+03 (119,  2)   vdiff=  1.1537E+03 (119,  3)
n=   439   udiff=  1.4635E+03 (119,  2)   vdiff=  1.0338E+03 (118,  3)
n=   440   udiff=  1.3080E+03 (119,  2)   vdiff=  1.0142E+03 (118,  3)
n=   441   udiff=  1.1388E+03 (119,  2)   vdiff=  9.9485E+02 (117,  4)
n=   442   udiff=  9.6791E+02 (119,  2)   vdiff=  1.0564E+03 (117,  4)
n=   443   udiff=  1.0233E+03 (118,  3)   vdiff=  1.0933E+03 (117,  4)
n=   444   udiff=  1.0776E+03 (118,  3)   vdiff=  1.1019E+03 (117,  4)
n=   445   udiff=  1.1088E+03 (118,  3)   vdiff=  1.0798E+03 (117,  4)
n=   446   udiff=  1.1540E+03 (116,  3)   vdiff=  1.0679E+03 (109,  3)
n=   447   udiff=  1.2562E+03 (116,  3)   vdiff=  1.0887E+03 (109,  3)
n=   448   udiff=  1.3289E+03 (116,  3)   vdiff=  1.0901E+03 (115,  3)
n=   449   udiff=  1.3638E+03 (116,  3)   vdiff=  1.1954E+03 (115,  3)
n=   450   udiff=  1.3544E+03 (116,  3)   vdiff=  1.2782E+03 (115,  3)
n=   451   udiff=  1.2969E+03 (116,  3)   vdiff=  1.3362E+03 (115,  3)
n=   452   udiff=  1.1905E+03 (116,  3)   vdiff=  1.3674E+03 (115,  3)
n=   453   udiff=  1.0378E+03 (116,  3)   vdiff=  1.3697E+03 (115,  3)
n=   454   udiff=  1.1225E+03 (115,  3)   vdiff=  1.3414E+03 (115,  3)
n=   455   udiff=  1.1988E+03 (115,  3)   vdiff=  1.2820E+03 (115,  3)
n=   456   udiff=  1.2320E+03 (115,  3)   vdiff=  1.1919E+03 (115,  3)
n=   457   udiff=  1.2859E+03 (110,  3)   vdiff=  1.1191E+03 (119,  3)
n=   458   udiff=  1.3502E+03 (110,  3)   vdiff=  1.1736E+03 (119,  3)
n=   459   udiff=  1.3718E+03 (110,  3)   vdiff=  1.2158E+03 (119,  3)
n=   460   udiff=  1.3528E+03 (110,  3)   vdiff=  1.2402E+03 (119,  3)
n=   461   udiff=  1.2975E+03 (110,  3)   vdiff=  1.2402E+03 (119,  3)
n=   462   udiff=  1.2124E+03 (110,  3)   vdiff=  1.2092E+03 (119,  3)
n=   463   udiff=  1.2708E+03 (116,  3)   vdiff=  1.1411E+03 (119,  3)
n=   464   udiff=  1.4230E+03 (116,  3)   vdiff=  1.1174E+03 (109,  3)
n=   465   udiff=  1.5443E+03 (116,  3)   vdiff=  1.2135E+03 (115,  4)
n=   466   udiff=  1.6332E+03 (116,  3)   vdiff=  1.2939E+03 (115,  4)
n=   467   udiff=  1.6892E+03 (116,  3)   vdiff=  1.3280E+03 (115,  4)
n=   468   udiff=  1.7123E+03 (116,  3)   vdiff=  1.4602E+03 (119,  2)
n=   469   udiff=  1.7030E+03 (116,  3)   vdiff=  1.5804E+03 (119,  2)
n=   470   udiff=  1.6621E+03 (116,  3)   vdiff=  1.6548E+03 (119,  2)
n=   471   udiff=  1.5909E+03 (116,  3)   vdiff=  1.6820E+03 (119,  2)
n=   472   udiff=  1.4913E+03 (116,  3)   vdiff=  1.6652E+03 (119,  2)
n=   473   udiff=  1.3663E+03 (116,  3)   vdiff=  1.6110E+03 (119,  2)
n=   474   udiff=  1.2200E+03 (116,  3)   vdiff=  1.5278E+03 (119,  2)
n=   475   udiff=  1.0577E+03 (116,  3)   vdiff=  1.4241E+03 (119,  2)
n=   476   udiff=  1.0397E+03 (116,  2)   vdiff=  1.3074E+03 (119,  2)
n=   477   udiff=  1.0434E+03 (117,  4)   vdiff=  1.1827E+03 (119,  2)
n=   478   udiff=  1.0348E+03 (117,  4)   vdiff=  1.1647E+03 (116,  2)
n=   479   udiff=  1.0036E+03 (115,  4)   vdiff=  1.1631E+03 (117,  3)
n=   480   udiff=  9.9498E+02 (115,  4)   vdiff=  1.2653E+03 (117,  3)
n=   481   udiff=  1.0104E+03 (119,  4)   vdiff=  1.3422E+03 (117,  3)
n=   482   udiff=  1.0076E+03 (119,  4)   vdiff=  1.3892E+03 (117,  3)
n=   483   udiff=  1.0059E+03 (117,  5)   vdiff=  1.4089E+03 (119,  4)
n=   484   udiff=  1.0476E+03 (118,  2)   vdiff=  1.4717E+03 (119,  4)
n=   485   udiff=  1.0847E+03 (118,  2)   vdiff=  1.4911E+03 (119,  4)
n=   486   udiff=  1.1010E+03 (118,  5)   vdiff=  1.4695E+03 (119,  4)
n=   487   udiff=  1.2713E+03 (118,  5)   vdiff=  1.4112E+03 (119,  4)
n=   488   udiff=  1.4121E+03 (118,  5)   vdiff=  1.3221E+03 (119,  4)
n=   489   udiff=  1.5115E+03 (118,  5)   vdiff=  1.2083E+03 (119,  4)
n=   490   udiff=  1.5612E+03 (118,  5)   vdiff=  1.3910E+03 (117,  5)
n=   491   udiff=  1.5575E+03 (118,  5)   vdiff=  1.6120E+03 (117,  5)
n=   492   udiff=  1.5009E+03 (118,  5)   vdiff=  1.8265E+03 (117,  5)
n=   493   udiff=  1.4112E+03 (118,  3)   vdiff=  2.0301E+03 (117,  5)
n=   494   udiff=  1.4731E+03 (118,  3)   vdiff=  2.2134E+03 (117,  5)
n=   495   udiff=  1.5700E+03 (117,  5)   vdiff=  2.3613E+03 (117,  5)
n=   496   udiff=  1.7442E+03 (117,  5)   vdiff=  2.4526E+03 (117,  5)
n=   497   udiff=  1.8196E+03 (117,  4)   vdiff=  2.4628E+03 (117,  5)
n=   498   udiff=  2.2328E+03 (117,  4)   vdiff=  2.3691E+03 (117,  5)
n=   499   udiff=  2.5816E+03 (117,  4)   vdiff=  2.1568E+03 (117,  5)
n=   500   udiff=  2.8183E+03 (117,  4)   vdiff=  2.2659E+03 (117,  4)
n=   501   udiff=  2.9016E+03 (117,  4)   vdiff=  2.7182E+03 (117,  4)
n=   502   udiff=  2.8035E+03 (117,  4)   vdiff=  2.9543E+03 (117,  4)
n=   503   udiff=  2.5170E+03 (117,  4)   vdiff=  2.9477E+03 (117,  4)
n=   504   udiff=  2.0622E+03 (117,  4)   vdiff=  2.7140E+03 (117,  6)
n=   505   udiff=  2.2184E+03 (118,  5)   vdiff=  2.7125E+03 (117,  7)
n=   506   udiff=  2.2855E+03 (118,  5)   vdiff=  3.0354E+03 (117,  7)
n=   507   udiff=  2.2101E+03 (116,  4)   vdiff=  3.2680E+03 (117,  7)
n=   508   udiff=  2.0910E+03 (116,  4)   vdiff=  3.3100E+03 (117,  7)
n=   509   udiff=  2.3064E+03 (118,  4)   vdiff=  3.0509E+03 (117,  7)
n=   510   udiff=  2.6812E+03 (118,  6)   vdiff=  2.8197E+03 (117,  5)
n=   511   udiff=  2.7671E+03 (118,  6)   vdiff=  3.2430E+03 (117,  6)
n=   512   udiff=  2.8039E+03 (118,  7)   vdiff=  3.9228E+03 (117,  6)
n=   513   udiff=  3.4291E+03 (118,  7)   vdiff=  4.1034E+03 (117,  6)
n=   514   udiff=  3.7266E+03 (118,  7)   vdiff=  3.8256E+03 (117,  6)
n=   515   udiff=  3.6289E+03 (118,  7)   vdiff=  3.5689E+03 (117,  7)
n=   516   udiff=  3.1502E+03 (118,  7)   vdiff=  4.1681E+03 (117,  7)
n=   517   udiff=  2.3644E+03 (118,  7)   vdiff=  4.3050E+03 (117,  7)
n=   518   udiff=  2.3501E+03 (117,  8)   vdiff=  4.0105E+03 (117,  7)
n=   519   udiff=  2.6892E+03 (117,  8)   vdiff=  3.4018E+03 (117,  7)
n=   520   udiff=  2.9148E+03 (118,  8)   vdiff=  3.3822E+03 (117,  8)
n=   521   udiff=  2.8421E+03 (118,  8)   vdiff=  4.0441E+03 (117,  8)
n=   522   udiff=  2.4315E+03 (118,  8)   vdiff=  4.3029E+03 (117,  8)
n=   523   udiff=  2.5268E+03 (118,  9)   vdiff=  4.1523E+03 (117,  8)
n=   524   udiff=  2.7277E+03 (118,  9)   vdiff=  3.6669E+03 (117,  8)
n=   525   udiff=  2.5397E+03 (117,  9)   vdiff=  3.1714E+03 (117,  9)
n=   526   udiff=  2.2460E+03 (117,  9)   vdiff=  3.7080E+03 (117,  9)
n=   527   udiff=  2.0734E+03 (117, 10)   vdiff=  3.8086E+03 (117,  9)
n=   528   udiff=  2.5995E+03 (117, 10)   vdiff=  3.4884E+03 (117,  9)
n=   529   udiff=  2.7499E+03 (117, 10)   vdiff=  4.0255E+03 (117, 10)
n=   530   udiff=  2.4980E+03 (117, 10)   vdiff=  4.7801E+03 (117, 10)
n=   531   udiff=  2.3995E+03 (118,  9)   vdiff=  4.9203E+03 (117, 10)
n=   532   udiff=  2.6213E+03 (118, 11)   vdiff=  4.5238E+03 (117, 10)
n=   533   udiff=  2.4837E+03 (118, 11)   vdiff=  3.7910E+03 (117, 10)
n=   534   udiff=  1.9878E+03 (118,  5)   vdiff=  4.0659E+03 (117, 11)
n=   535   udiff=  2.2624E+03 (118, 12)   vdiff=  3.9860E+03 (117, 11)
n=   536   udiff=  2.3740E+03 (118, 12)   vdiff=  3.5557E+03 (117, 11)
n=   537   udiff=  2.0629E+03 (118, 12)   vdiff=  3.7109E+03 (117, 12)
n=   538   udiff=  1.9942E+03 (118, 13)   vdiff=  3.8891E+03 (117, 12)
n=   539   udiff=  2.2840E+03 (118, 13)   vdiff=  3.6272E+03 (117, 12)
n=   540   udiff=  2.1928E+03 (118, 13)   vdiff=  3.3363E+03 (117, 13)
n=   541   udiff=  1.7367E+03 (117, 14)   vdiff=  3.7196E+03 (117, 13)
n=   542   udiff=  2.3490E+03 (117, 14)   vdiff=  3.6211E+03 (117, 13)
n=   543   udiff=  2.7309E+03 (117, 14)   vdiff=  3.1459E+03 (117, 13)
n=   544   udiff=  2.8281E+03 (117, 14)   vdiff=  3.7362E+03 (117, 14)
n=   545   udiff=  2.6636E+03 (117, 14)   vdiff=  4.2106E+03 (117, 14)
n=   546   udiff=  2.3142E+03 (117, 14)   vdiff=  4.2757E+03 (117, 14)
n=   547   udiff=  2.3238E+03 (120,  3)   vdiff=  4.0020E+03 (117, 14)
n=   548   udiff=  2.4946E+03 (120,  3)   vdiff=  3.5038E+03 (117, 14)
n=   549   udiff=  2.5730E+03 (120,  3)   vdiff=  2.8979E+03 (117, 14)
n=   550   udiff=  2.5282E+03 (120,  3)   vdiff=  2.5063E+03 (119,  4)
n=   551   udiff=  2.3460E+03 (120,  3)   vdiff=  2.9828E+03 (119,  4)
n=   552   udiff=  2.9060E+03 (119,  3)   vdiff=  3.4475E+03 (119,  4)
n=   553   udiff=  3.5286E+03 (119,  3)   vdiff=  3.8658E+03 (119,  4)
n=   554   udiff=  3.9419E+03 (119,  3)   vdiff=  4.1892E+03 (119,  4)
n=   555   udiff=  4.0684E+03 (119,  3)   vdiff=  4.3511E+03 (119,  4)
n=   556   udiff=  4.1764E+03 (119,  4)   vdiff=  4.2746E+03 (119,  4)
n=   557   udiff=  4.7211E+03 (119,  4)   vdiff=  3.8960E+03 (119,  4)
n=   558   udiff=  4.9720E+03 (119,  4)   vdiff=  4.1659E+03 (119,  5)
n=   559   udiff=  4.8761E+03 (119,  4)   vdiff=  4.9328E+03 (119,  5)
n=   560   udiff=  4.4088E+03 (119,  4)   vdiff=  5.1860E+03 (119,  5)
n=   561   udiff=  3.5760E+03 (119,  4)   vdiff=  4.8797E+03 (119,  5)
n=   562   udiff=  3.6388E+03 (120,  3)   vdiff=  4.0762E+03 (119,  5)
n=   563   udiff=  4.0453E+03 (120,  3)   vdiff=  3.6997E+03 (117,  4)
n=   564   udiff=  4.3274E+03 (118,  3)   vdiff=  4.2861E+03 (117,  4)
n=   565   udiff=  4.2134E+03 (118,  3)   vdiff=  4.7020E+03 (119,  4)
n=   566   udiff=  3.4649E+03 (118,  3)   vdiff=  5.1231E+03 (119,  4)
n=   567   udiff=  4.0319E+03 (119,  4)   vdiff=  5.1712E+03 (119,  4)
n=   568   udiff=  4.5527E+03 (119,  4)   vdiff=  4.8767E+03 (119,  4)
n=   569   udiff=  4.5284E+03 (119,  4)   vdiff=  4.2946E+03 (119,  4)
n=   570   udiff=  3.9531E+03 (119,  4)   vdiff=  4.0693E+03 (118,  4)
n=   571   udiff=  3.8912E+03 (118,  3)   vdiff=  4.0678E+03 (118,  4)
n=   572   udiff=  4.8345E+03 (118,  3)   vdiff=  3.6933E+03 (118,  4)
n=   573   udiff=  5.3608E+03 (118,  3)   vdiff=  3.4307E+03 (118,  3)
n=   574   udiff=  5.4050E+03 (118,  3)   vdiff=  3.6320E+03 (117,  6)
n=   575   udiff=  4.9563E+03 (118,  3)   vdiff=  3.9536E+03 (117,  6)
n=   576   udiff=  4.9055E+03 (117,  5)   vdiff=  3.8924E+03 (117,  6)
n=   577   udiff=  5.4356E+03 (117,  5)   vdiff=  3.9317E+03 (119,  6)
n=   578   udiff=  5.3692E+03 (117,  5)   vdiff=  4.2685E+03 (118,  6)
n=   579   udiff=  4.5633E+03 (117,  5)   vdiff=  4.8929E+03 (116,  5)
n=   580   udiff=  5.0512E+03 (116,  5)   vdiff=  5.1208E+03 (118,  6)
n=   581   udiff=  5.4701E+03 (116,  5)   vdiff=  5.0589E+03 (118,  6)
n=   582   udiff=  6.7290E+03 (118,  5)   vdiff=  6.2432E+03 (117,  6)
n=   583   udiff=  6.7456E+03 (118,  5)   vdiff=  7.8320E+03 (117,  6)
n=   584   udiff=  7.4084E+03 (117,  3)   vdiff=  8.3751E+03 (117,  6)
n=   585   udiff=  7.7636E+03 (117,  5)   vdiff=  7.5319E+03 (117,  6)
n=   586   udiff=  8.4400E+03 (119,  5)   vdiff=  7.3530E+03 (116,  6)
n=   587   udiff=  1.0504E+04 (118,  5)   vdiff=  1.0670E+04 (118,  5)
n=   588   udiff=  1.4482E+04 (118,  5)   vdiff=  1.2396E+04 (118,  5)
n=   589   udiff=  1.4929E+04 (118,  5)   vdiff=  1.0801E+04 (118,  5)
n=   590   udiff=  1.1082E+04 (118,  5)   vdiff=  1.3344E+04 (119,  6)
n=   591   udiff=  1.6916E+04 (119,  5)   vdiff=  1.4910E+04 (119,  6)
n=   592   udiff=  1.9326E+04 (119,  5)   vdiff=  1.5781E+04 (118,  6)
n=   593   udiff=  1.7606E+04 (119,  5)   vdiff=  1.5012E+04 (118,  6)
n=   594   udiff=  1.9917E+04 (119,  4)   vdiff=  1.4110E+04 (117,  4)
n=   595   udiff=  2.9996E+04 (119,  4)   vdiff=  1.8332E+04 (117,  4)
n=   596   udiff=  3.7458E+04 (119,  4)   vdiff=  2.3455E+04 (118,  4)
n=   597   udiff=  3.7598E+04 (118,  4)   vdiff=  4.2021E+04 (118,  4)
n=   598   udiff=  6.2610E+04 (118,  4)   vdiff=  4.0258E+04 (118,  4)
n=   599   udiff=  7.5716E+04 (119,  4)   vdiff=  7.7332E+04 (119,  5)
n=   600   udiff=  1.3836E+05 (119,  4)   vdiff=  1.0735E+05 (118,  5)
n=   601   udiff=  1.1079E+05 (118,  2)   vdiff=  1.2970E+05 (119,  3)
n=   602   udiff=  1.8126E+05 (119,  2)   vdiff=  2.9942E+05 (119,  3)
n=   603   udiff=  4.5934E+05 (119,  3)   vdiff=  3.5248E+05 (118,  4)
n=   604   udiff=  2.4128E+06 (119,  2)   vdiff=  2.3647E+06 (118,  4)
n=   605   udiff=  1.5887E+07 (118,  2)   vdiff=  2.6009E+07 (118,  3)
n=   606   udiff=  3.3030E+09 (118,  3)   vdiff=  2.9735E+09 (117,  2)
n=   607   udiff=  6.9988E+13 (117,  3)   vdiff=  5.2738E+13 (117,  3)
n=   608   udiff=  1.8750E+22 (116,  3)   vdiff=  1.6606E+22 (116,  4)
n=   609   udiff=  1.5301E+39 (115,  3)   vdiff=  1.2506E+39 (115,  3)
n=   610   udiff=  9.2634E+72 (114,  3)   vdiff=  7.6391E+72 (115,  2)
n=   611   udiff=  0.0000E+00 (114,  3)   vdiff=  0.0000E+00 (115,  2)
 Converged after time step         611
